📦  @nanmicoder/dsh-agent-teams@0.1.16-rc.1
Tarball Contents
assets/agent-teams/action-celebrating-v2.png
assets/agent-teams/action-reporting-v2.png
assets/agent-teams/action-sending-v2.png
assets/agent-teams/action-sleeping-v2.png
assets/agent-teams/action-thinking-v2.png
assets/agent-teams/action-working-v2.png
assets/agent-teams/member-data-v2.png
assets/agent-teams/member-designer-v2.png
assets/agent-teams/member-docs-v2.png
assets/agent-teams/member-engineer-v2.png
assets/agent-teams/member-operator-v2.png
assets/agent-teams/member-qa-v2.png
assets/agent-teams/member-researcher-v2.png
assets/agent-teams/member-security-v2.png
assets/agent-teams/team-lead-v2.png
assets/readme/hero.svg
assets/ui.png
compatibility.json
cordis.patch.yml
lib/client.js
lib/client.js.map
lib/client/activity-model.js
lib/client/activity-monitor.js
lib/client/ActivityPanel.js
lib/client/agent-teams-card-definition.js
lib/client/AgentTeamsCard.js
lib/client/artwork.js
lib/client/index.js
lib/client/locales.js
lib/client/panel-geometry.js
lib/client/session-navigation.js
lib/client/StagingPlanEditor.js
lib/command.js
lib/event-types.js
lib/events.js
lib/harness-compat.js
lib/index.js
lib/members.js
lib/profiles.js
lib/quality-gates.js
lib/scheduler.js
lib/snapshot.js
lib/state.js
lib/tools.js
lib/types.js
lib/types/client/activity-model.d.ts
lib/types/client/activity-monitor.d.ts
lib/types/client/ActivityPanel.d.ts
lib/types/client/agent-teams-card-definition.d.ts
lib/types/client/AgentTeamsCard.d.ts
lib/types/client/artwork.d.ts
lib/types/client/index.d.ts
lib/types/client/locales.d.ts
lib/types/client/panel-geometry.d.ts
lib/types/client/session-navigation.d.ts
lib/types/client/StagingPlanEditor.d.ts
lib/types/command.d.ts
lib/types/event-types.d.ts
lib/types/events.d.ts
lib/types/harness-compat.d.ts
lib/types/index.d.ts
lib/types/members.d.ts
lib/types/profiles.d.ts
lib/types/quality-gates.d.ts
lib/types/scheduler.d.ts
lib/types/snapshot.d.ts
lib/types/state.d.ts
lib/types/tools.d.ts
lib/types/types.d.ts
lib/types/web-routes.d.ts
lib/web-routes.js
LICENSE
package.json
README_ZH.md
README.md
release-notes/v0.1.10.md
release-notes/v0.1.11.md
release-notes/v0.1.12.md
release-notes/v0.1.13.md
release-notes/v0.1.14.md
release-notes/v0.1.15-alpha.1.md
release-notes/v0.1.15.md
release-notes/v0.1.16-rc.1.md
scripts/compatibility.mjs
scripts/doctor.mjs
Tarball Details
<artifacts>/agent-teams-final.tgz
